// Jest Snapshot v1, https://goo.gl/fbAQLP

exports[`renders snapshot correctly 1`] = `
<div>
  <table>
    <tbody>
      <tr
        class="occurrence"
      >
        <td
          class="occurrenceDate"
        >
          su 8.3.2020
        </td>
        <td
          class="occurrenceTime"
        >
          04:00
        </td>
        <td
          class="occurrenceVenue"
        >
          Musiikkitalo
        </td>
        <td
          class="remainingCapacity"
        >
          99
        </td>
        <td
          class="occurrenceSubmit"
        >
          <a
            class="linkButton"
            href="/zzaaz/occurrence/T2NjdXJyZW5jZU5vZGU6Mg==/enrol"
          >
            <button
              class="Button-module_button__1msFE button_hds-button__2A0je Button-module_primary__2LfKB button_hds-button--primary__2NVvO submitButton"
              type="submit"
            >
              <span
                class="Button-module_label__a4np1 button_hds-button__label__2EQa-"
              >
                Valitse
              </span>
            </button>
          </a>
        </td>
      </tr>
    </tbody>
  </table>
</div>
`;
