// Jest Snapshot v1, https://goo.gl/fbAQLP

exports[`renders snapshot correctly 1`] = `
<PageWrapper>
  <div>
    <div
      className="notEligible"
    >
      <Icon
        className="notEligibleFace"
        src="adultFace.svg"
      />
      <p>
        Valitettavasti lapsen syntymävuosi tai kotipaikkakunta eivät oikeuta häntä kulttuurin kummilapset toimintaan.
      </p>
      <Button
        className="goBackButton"
        onClick={[Function]}
      >
        Löydä lapsille sopivia kulttuuritapahtumia täältä
      </Button>
    </div>
  </div>
</PageWrapper>
`;
