// Jest Snapshot v1, https://goo.gl/fbAQLP

exports[`Renders snapshot correctly 1`] = `
<Fragment>
  <div
    className="eventsList"
  >
    <h2>
      Tapahtumakutsut
    </h2>
    <Card
      action={[Function]}
      actionText="Lue lisää ja ilmoittaudu tapahtumaan"
      alt="huhuu"
      imageSrc="http://localhost:8081/media/2020-02-15-184035_1920x1080_scrot.png"
      key="RXZlbnROb2RlOjE="
      primaryAction={[Function]}
      primaryActionText="Lue lisää ja ilmoittaudu tapahtumaan"
      title="pentti"
    >
      <Paragraph
        text="eventti"
      />
    </Card>
  </div>
  <div
    className="eventsList"
  >
    <h2>
      Tulevat tapahtumat
    </h2>
    <Card
      action={[Function]}
      actionText="Näytä tapahtuman tiedot"
      focalContent={
        <div
          className="row"
        >
          <InfoItem
            className="label"
            iconAlt="Päivämäärä"
            iconSrc="calendar.svg"
            label="24.2.2020"
          />
          <InfoItem
            className="label"
            iconAlt="Kellonaika"
            iconSrc="clock.svg"
            label="07:07 - 08:07"
          />
          <InfoItem
            className="label"
            iconAlt="Tapahtumapaikka"
            iconSrc="location.svg"
            label="aa"
          />
        </div>
      }
      imageElement={
        <div
          className="qrWrapper"
        >
          <QRCode
            bgColor="#FFFFFF"
            ecLevel="H"
            enableCORS={false}
            fgColor="#000000"
            logoOpacity={1}
            qrStyle="squares"
            quietZone={0}
            size={300}
            value="pentti"
          />
        </div>
      }
      key="RXZlbnROb2RlOjE="
      title="pentti"
    >
      <p>
        eventti
      </p>
    </Card>
  </div>
  <div
    className="eventsList"
  >
    <h2>
      Menneet tapahtumat
    </h2>
    <Card
      action={[Function]}
      actionText="Näytä tapahtuman tiedot"
      imageSrc="http://localhost:8081/media/2020-02-15-184035_1920x1080_scrot.png"
      key="RXZlbnROb2RlOjE="
      title="pentti"
    >
      <p>
        eventti
      </p>
    </Card>
  </div>
</Fragment>
`;
