// Jest Snapshot v1, https://goo.gl/fbAQLP

exports[`renders snapshot correctly 1`] = `
<div
  className="link"
>
  <a
    href="/brochures/fr.pdf"
    key="0"
    lang="fr"
    title="Ranska"
  >
    Français
  </a>
  <a
    href="/brochures/ru.pdf"
    key="1"
    lang="ru"
    title="Venäjä"
  >
    Русский
  </a>
  <a
    href="/brochures/es.pdf"
    key="2"
    lang="es"
    title="Espanja"
  >
    Español
  </a>
  <a
    href="/brochures/zh.pdf"
    key="3"
    lang="zh"
    title="Kiina"
  >
    中文
  </a>
  <a
    href="/brochures/npi.pdf"
    key="4"
    lang="npi"
    title="Nepali"
  >
    नेपाली गण
  </a>
  <a
    href="/brochures/som.pdf"
    key="5"
    lang="som"
    title="Somali"
  >
    Somali
  </a>
  <a
    href="/brochures/fas.pdf"
    key="6"
    lang="fas"
    title="Persia"
  >
    زبان فارسی
  </a>
  <a
    href="/brochures/et.pdf"
    key="7"
    lang="et"
    title="Viro"
  >
    Eesti
  </a>
  <a
    href="/brochures/tur.pdf"
    key="8"
    lang="tur"
    title="Turkki"
  >
    Türkçe
  </a>
  <a
    href="/brochures/ara.pdf"
    key="9"
    lang="ar"
    title="Arabia"
  >
    اَلْعَرَبِيَّةُ
  </a>
  <a
    href="/brochures/ckb.pdf"
    key="10"
    lang="ckb"
    title="Kurdi"
  >
    کوردی
  </a>
  <a
    href="/brochures/vi.pdf"
    key="11"
    lang="vi"
    title="Vietnam"
  >
    Tiếng Việt
  </a>
  <a
    href="/brochures/en.pdf"
    key="12"
    lang="en"
    title="Englanti"
  >
    English
  </a>
  <a
    href="/brochures/sv.pdf"
    key="13"
    lang="sv"
    title="Ruotsi"
  >
    Svenska
  </a>
  <a
    href="/brochures/fi.pdf"
    key="14"
    lang="fi"
    title="Suomi"
  >
    Suomi
  </a>
</div>
`;
