// Jest Snapshot v1, https://goo.gl/fbAQLP

exports[`renders snapshot correctly 1`] = `
<div
  className="big"
>
  <a
    className="container"
    href="https://www.hel.fi/kulttuurin-ja-vapaa-ajan-toimiala/fi/palvelut/yleiset-kulttuuripalvelut/"
    key="0"
  >
    <Icon
      alt="home.partners.partner.hel"
      className="icon"
      src="helsinki-fi.svg"
    />
  </a>
  <a
    className="container"
    href="https://jaes.fi/"
    key="1"
  >
    <Icon
      alt="Jane ja Aatos Erkon säätiö"
      className="icon"
      src="jaes.png"
    />
  </a>
</div>
`;

exports[`renders snapshot correctly 2`] = `
<div
  className="small"
>
  <a
    className="container"
    href="https://amosrex.fi/"
    key="0"
  >
    <Icon
      alt="Amos Rex"
      className="icon"
      src="amosrex.png"
    />
  </a>
  <a
    className="container"
    href="https://cirko.fi/"
    key="1"
  >
    <Icon
      alt="Cirko – Uuden sirkuksen keskus"
      className="icon"
      src="cirko.png"
    />
  </a>
  <a
    className="container"
    href="https://dotdot.fi/suomeksi/"
    key="2"
  >
    <Icon
      alt="DOT ry"
      className="icon"
      src="dotdot.png"
    />
  </a>
  <a
    className="container"
    href="https://www.designmuseum.fi/fi/"
    key="3"
  >
    <Icon
      alt="Designmuseo"
      className="icon"
      src="designmuseum.png"
    />
  </a>
  <a
    className="container"
    href="https://www.hamhelsinki.fi/"
    key="4"
  >
    <Icon
      alt="Helsingin taidemuseo HAM"
      className="icon"
      src="hamhelsinki.png"
    />
  </a>
  <a
    className="container"
    href="https://www.helsinginkaupunginmuseo.fi/"
    key="5"
  >
    <Icon
      alt="Helsingin kaupunginmuseo"
      className="icon"
      src="helsinginkaupunginmuseo.png"
    />
  </a>
  <a
    className="container"
    href="https://helsinginkaupunginorkesteri.fi/"
    key="6"
  >
    <Icon
      alt="Helsingin kaupunginorkesteri"
      className="icon"
      src="helsinginkaupunginorkesteri.png"
    />
  </a>
  <a
    className="container"
    href="https://hkt.fi/"
    key="7"
  >
    <Icon
      alt="Helsingin Kaupunginteatteri"
      className="icon"
      src="hkt.png"
    />
  </a>
  <a
    className="container"
    href="https://www.hotellijaravintolamuseo.fi/"
    key="8"
  >
    <Icon
      alt="Hotelli- ja ravintolamuseo"
      className="icon"
      src="hotellijaravintolamuseo.png"
    />
  </a>
  <a
    className="container"
    href="https://www.hurjaruuth.fi/"
    key="9"
  >
    <Icon
      alt="Tanssiteatteri Hurjaruuth"
      className="icon"
      src="hurjaruuth.png"
    />
  </a>
  <a
    className="container"
    href="https://www.kaapelitehdas.fi/"
    key="10"
  >
    <Icon
      alt="home.partners.partner.kaapeli"
      className="icon"
      src="Kaapeli.png"
    />
  </a>
  <a
    className="container"
    href="https://www.kansallisgalleria.fi/fi/search?category=artwork&hasImage=true"
    key="11"
  >
    <Icon
      alt="home.partners.partner.kansallisgalleria"
      className="icon"
      src="Finnish_National_Gallery_Logo_FI.svg"
    />
  </a>
  <a
    className="container"
    href="https://www.kansallismuseo.fi/fi/kansallismuseo"
    key="12"
  >
    <Icon
      alt="Kansallismuseo"
      className="icon"
      src="kansallismuseo.png"
    />
  </a>
  <a
    className="container"
    href="https://kansallisteatteri.fi/"
    key="13"
  >
    <Icon
      alt="Kansallisteatteri"
      className="icon"
      src="kansallisteatteri.png"
    />
  </a>
  <a
    className="container"
    href="https://kavi.fi/kansallinen-audiovisuaalinen-instituutti-palvelee/"
    key="14"
  >
    <Icon
      alt="Kansallinen audiovisuaalinen instituutti"
      className="icon"
      src="kavi.png"
    />
  </a>
  <a
    className="container"
    href="https://www.kulttuuriperintokasvatus.fi/"
    key="15"
  >
    <Icon
      alt="Suomen Kulttuuriperintökasvatuksen seura"
      className="icon"
      src="kulttuuriperintokasvatus.png"
    />
  </a>
  <a
    className="container"
    href="https://www.mfa.fi/"
    key="16"
  >
    <Icon
      alt="Arkkitehtuurimuseo"
      className="icon"
      src="mfa.png"
    />
  </a>
  <a
    className="container"
    href="https://nukketeatterisampo.fi/"
    key="17"
  >
    <Icon
      alt="Nukketeatteri Sampo"
      className="icon"
      src="nukketeatterisampo.png"
    />
  </a>
  <a
    className="container"
    href="https://oopperabaletti.fi/"
    key="18"
  >
    <Icon
      alt="Suomen kansallisooppera ja -baletti"
      className="icon"
      src="oopperabaletti.png"
    />
  </a>
  <a
    className="container"
    href="http://www.q-teatteri.fi/"
    key="19"
  >
    <Icon
      alt="Q-teatteri"
      className="icon"
      src="qteatteri.png"
    />
  </a>
  <a
    className="container"
    href="https://svenskateatern.fi/fi/alku/"
    key="20"
  >
    <Icon
      alt="Svenska Teatern"
      className="icon"
      src="svenskateatern.png"
    />
  </a>
  <a
    className="container"
    href="https://www.tanssintalo.fi/"
    key="21"
  >
    <Icon
      alt="Tanssin talo"
      className="icon"
      src="tanssintalo.png"
    />
  </a>
  <a
    className="container"
    href="https://www.teatteri-ilmio.fi/"
    key="22"
  >
    <Icon
      alt="Teatteri ILMI Ö"
      className="icon"
      src="teatteriilmio.png"
    />
  </a>
  <a
    className="container"
    href="https://www.teatterimuseo.fi/"
    key="23"
  >
    <Icon
      alt="Teatterimuseo"
      className="icon"
      src="teatterimuseo.png"
    />
  </a>
  <a
    className="container"
    href="https://www.valokuvataiteenmuseo.fi/fi"
    key="24"
  >
    <Icon
      alt="Suomen valokuvataiteen museo"
      className="icon"
      src="valokuvataiteenmuseo.png"
    />
  </a>
</div>
`;
