// Jest Snapshot v1, https://goo.gl/fbAQLP

exports[`renders snapshot correctly 1`] = `
<HelmetProvider
  context={Object {}}
>
  <div
    className="pageWrapper"
  >
    <div>
      <Navigation />
      <Notification />
    </div>
    <div
      className="pageBody"
    />
    <Footer />
  </div>
</HelmetProvider>
`;
